[backblue.gif]
[fade.gif]
[index.html]
[thepixelcurve.com/html/edubin/images/favicon.png]
[thepixelcurve.com/html/edubin/images/logo.png]
[thepixelcurve.com/html/edubin/images/slider/s-1.jpg]
[thepixelcurve.com/html/edubin/images/slider/s-3.jpg]
[thepixelcurve.com/html/edubin/images/slider/s-2.jpg]
[thepixelcurve.com/html/edubin/images/all-icon/ctg-1.png]
[thepixelcurve.com/html/edubin/images/all-icon/ctg-2.png]
[thepixelcurve.com/html/edubin/images/all-icon/ctg-3.png]
[thepixelcurve.com/html/edubin/images/about/bg-1.png]
[thepixelcurve.com/html/edubin/images/course/cu-1.jpg]
[thepixelcurve.com/html/edubin/images/course/teacher/t-1.jpg]
[thepixelcurve.com/html/edubin/images/course/cu-2.jpg]
[thepixelcurve.com/html/edubin/images/course/teacher/t-2.jpg]
[thepixelcurve.com/html/edubin/images/course/cu-3.jpg]
[thepixelcurve.com/html/edubin/images/course/teacher/t-3.jpg]
[thepixelcurve.com/html/edubin/images/course/cu-4.jpg]
[thepixelcurve.com/html/edubin/images/course/teacher/t-4.jpg]
[thepixelcurve.com/html/edubin/images/course/cu-5.jpg]
[thepixelcurve.com/html/edubin/images/course/teacher/t-5.jpg]
[thepixelcurve.com/html/edubin/images/bg-1.jpg]
[thepixelcurve.com/html/edubin/images/all-icon/f-1.png]
[thepixelcurve.com/html/edubin/images/all-icon/f-2.png]
[thepixelcurve.com/html/edubin/images/all-icon/f-3.png]
[thepixelcurve.com/html/edubin/images/teachers/t-1.jpg]
[thepixelcurve.com/html/edubin/images/teachers/t-2.jpg]
[thepixelcurve.com/html/edubin/images/teachers/t-3.jpg]
[thepixelcurve.com/html/edubin/images/teachers/t-4.jpg]
[thepixelcurve.com/html/edubin/images/publication/p-1.jpg]
[thepixelcurve.com/html/edubin/images/publication/p-2.jpg]
[thepixelcurve.com/html/edubin/images/publication/p-3.jpg]
[thepixelcurve.com/html/edubin/images/publication/p-4.jpg]
[thepixelcurve.com/html/edubin/images/bg-2.jpg]
[thepixelcurve.com/html/edubin/images/testimonial/t-1.jpg]
[thepixelcurve.com/html/edubin/images/testimonial/t-2.jpg]
[thepixelcurve.com/html/edubin/images/testimonial/t-3.jpg]
[thepixelcurve.com/html/edubin/images/news/n-1.jpg]
[thepixelcurve.com/html/edubin/images/news/ns-1.jpg]
[thepixelcurve.com/html/edubin/images/news/ns-2.jpg]
[thepixelcurve.com/html/edubin/images/news/ns-3.jpg]
[thepixelcurve.com/html/edubin/images/patnar-logo/p-1.png]
[thepixelcurve.com/html/edubin/images/patnar-logo/p-2.png]
[thepixelcurve.com/html/edubin/images/patnar-logo/p-3.png]
[thepixelcurve.com/html/edubin/images/patnar-logo/p-4.png]
[thepixelcurve.com/html/edubin/images/logo-2.png]
[thepixelcurve.com/html/edubin/js/vendor/modernizr-3.6.0.min.js]
[thepixelcurve.com/html/edubin/js/vendor/jquery-1.12.4.min.js]
[thepixelcurve.com/html/edubin/js/bootstrap.min.js]
[thepixelcurve.com/html/edubin/js/slick.min.js]
[thepixelcurve.com/html/edubin/js/jquery.magnific-popup.min.js]
[thepixelcurve.com/html/edubin/js/waypoints.min.js]
[thepixelcurve.com/html/edubin/js/jquery.counterup.min.js]
[thepixelcurve.com/html/edubin/js/jquery.nice-select.min.js]
[thepixelcurve.com/html/edubin/js/jquery.nice-number.min.js]
[thepixelcurve.com/html/edubin/js/jquery.countdown.min.js]
[thepixelcurve.com/html/edubin/js/validator.min.js]
[thepixelcurve.com/html/edubin/js/ajax-contact.js]
[thepixelcurve.com/html/edubin/js/main.js]
[thepixelcurve.com/html/edubin/js/map-script.js]
[thepixelcurve.com/html/edubin/index.html]
[thepixelcurve.com/html/edubin/css/slick.css]
[thepixelcurve.com/html/edubin/css/animate.css]
[thepixelcurve.com/html/edubin/css/nice-select.css]
[thepixelcurve.com/html/edubin/css/jquery.nice-number.min.css]
[thepixelcurve.com/html/edubin/css/magnific-popup.css]
[thepixelcurve.com/html/edubin/css/bootstrap.min.css]
[thepixelcurve.com/html/edubin/fonts/fontawesome-webfont3e6e.eot]
[thepixelcurve.com/html/edubin/fonts/fontawesome-webfontd41d.eot]
[thepixelcurve.com/html/edubin/fonts/fontawesome-webfont3e6e.woff2]
[thepixelcurve.com/html/edubin/fonts/fontawesome-webfont3e6e.woff]
[thepixelcurve.com/html/edubin/fonts/fontawesome-webfont3e6e.ttf]
[thepixelcurve.com/html/edubin/css/font-awesome.min.css]
[thepixelcurve.com/html/edubin/css/default.css]
[thepixelcurve.com/html/edubin/images/slider/slider-shape.png]
[thepixelcurve.com/html/edubin/images/about/dot-shape.png]
[thepixelcurve.com/html/edubin/images/apply-tow/apply-shape.png]
[thepixelcurve.com/html/edubin/images/teachers/teachers-shape.png]
[thepixelcurve.com/html/edubin/images/course/course-shape.png]
[thepixelcurve.com/html/edubin/css/style.css]
[thepixelcurve.com/html/edubin/css/responsive.css]
[thepixelcurve.com/html/edubin/images/page-banner-1.jpg]
[thepixelcurve.com/html/edubin/register.html]
[thepixelcurve.com/html/edubin/images/slider/s-4.jpg]
[thepixelcurve.com/html/edubin/images/slider/s-5.jpg]
[thepixelcurve.com/html/edubin/images/about/shape.png]
[thepixelcurve.com/html/edubin/images/about/about-3.jpg]
[thepixelcurve.com/html/edubin/images/about/shape-2.png]
[thepixelcurve.com/html/edubin/images/about/shape-3.png]
[thepixelcurve.com/html/edubin/images/admission/admission-1.jpg]
[thepixelcurve.com/html/edubin/images/admission/admission-2.jpg]
[thepixelcurve.com/html/edubin/images/publication/publication.png]
[thepixelcurve.com/html/edubin/index-4.html]
[thepixelcurve.com/html/edubin/index-2.html]
[thepixelcurve.com/html/edubin/images/category/ctg-1.jpg]
[thepixelcurve.com/html/edubin/images/category/ctg-2.jpg]
[thepixelcurve.com/html/edubin/images/category/ctg-3.jpg]
[thepixelcurve.com/html/edubin/images/category/ctg-4.jpg]
[thepixelcurve.com/html/edubin/images/category/ctg-5.jpg]
[thepixelcurve.com/html/edubin/images/category/ctg-6.jpg]
[thepixelcurve.com/html/edubin/images/teachers/teacher-2/tc-1.jpg]
[thepixelcurve.com/html/edubin/images/teachers/teacher-2/tc-2.jpg]
[thepixelcurve.com/html/edubin/images/teachers/teacher-2/quote.png]
[thepixelcurve.com/html/edubin/images/teachers/teacher-2/happy.png]
[thepixelcurve.com/html/edubin/images/bg-3.jpg]
[thepixelcurve.com/html/edubin/index-3.html]
[thepixelcurve.com/html/edubin/images/all-icon/man.png]
[thepixelcurve.com/html/edubin/images/all-icon/book.png]
[thepixelcurve.com/html/edubin/images/all-icon/expert.png]
[thepixelcurve.com/html/edubin/index-5.html]
[thepixelcurve.com/html/edubin/images/about/about-2.jpg]
[thepixelcurve.com/html/edubin/images/teachers/t-5.jpg]
[thepixelcurve.com/html/edubin/images/teachers/t-6.jpg]
[thepixelcurve.com/html/edubin/images/teachers/t-7.jpg]
[thepixelcurve.com/html/edubin/images/teachers/t-8.jpg]
[thepixelcurve.com/html/edubin/about.html]
[thepixelcurve.com/html/edubin/images/gallery/1.jpg]
[thepixelcurve.com/html/edubin/images/gallery/2.jpg]
[thepixelcurve.com/html/edubin/images/gallery/3.jpg]
[thepixelcurve.com/html/edubin/images/gallery/4.jpg]
[thepixelcurve.com/html/edubin/images/gallery/5.jpg]
[thepixelcurve.com/html/edubin/images/gallery/6.jpg]
[thepixelcurve.com/html/edubin/images/gallery/7.jpg]
[thepixelcurve.com/html/edubin/images/gallery/8.jpg]
[thepixelcurve.com/html/edubin/images/gallery/9.jpg]
[thepixelcurve.com/html/edubin/gallery.html]
[thepixelcurve.com/html/edubin/policy.html]
[thepixelcurve.com/html/edubin/faq.html]
[thepixelcurve.com/html/edubin/courses.html]
[thepixelcurve.com/html/edubin/images/instructor/i-1.jpg]
[thepixelcurve.com/html/edubin/images/review/r-1.jpg]
[thepixelcurve.com/html/edubin/images/review/r-2.jpg]
[thepixelcurve.com/html/edubin/images/review/r-3.jpg]
[thepixelcurve.com/html/edubin/images/your-make/y-1.jpg]
[thepixelcurve.com/html/edubin/courses-single.html]
[thepixelcurve.com/html/edubin/images/event/e-1.jpg]
[thepixelcurve.com/html/edubin/images/event/e-2.jpg]
[thepixelcurve.com/html/edubin/images/event/e-3.jpg]
[thepixelcurve.com/html/edubin/images/event/e-4.jpg]
[thepixelcurve.com/html/edubin/events.html]
[thepixelcurve.com/html/edubin/images/event/e2-1.jpg]
[thepixelcurve.com/html/edubin/images/event/e2-2.jpg]
[thepixelcurve.com/html/edubin/images/event/e2-3.jpg]
[thepixelcurve.com/html/edubin/images/event/e2-4.jpg]
[thepixelcurve.com/html/edubin/events-2.html]
[thepixelcurve.com/html/edubin/images/event/single-event/se-1.jpg]
[thepixelcurve.com/html/edubin/images/event/single-event/coundown.jpg]
[thepixelcurve.com/html/edubin/events-single.html]
[thepixelcurve.com/html/edubin/teachers.html]
[thepixelcurve.com/html/edubin/images/teachers/teacher-3/tm-1.jpg]
[thepixelcurve.com/html/edubin/images/teachers/teacher-3/hover.png]
[thepixelcurve.com/html/edubin/images/teachers/teacher-3/tm-2.jpg]
[thepixelcurve.com/html/edubin/images/teachers/teacher-3/tm-3.jpg]
[thepixelcurve.com/html/edubin/images/teachers/teacher-3/tm-4.jpg]
[thepixelcurve.com/html/edubin/images/teachers/teacher-3/tm-5.jpg]
[thepixelcurve.com/html/edubin/images/teachers/teacher-3/tm-6.jpg]
[thepixelcurve.com/html/edubin/images/teachers/teacher-3/tm-7.jpg]
[thepixelcurve.com/html/edubin/images/teachers/teacher-3/tm-8.jpg]
[thepixelcurve.com/html/edubin/teachers-2.html]
[thepixelcurve.com/html/edubin/teachers-single.html]
[thepixelcurve.com/html/edubin/images/blog/b-1.jpg]
[thepixelcurve.com/html/edubin/images/blog/b-2.jpg]
[thepixelcurve.com/html/edubin/images/blog/blog-post/bp-1.jpg]
[thepixelcurve.com/html/edubin/images/blog/blog-post/bp-2.jpg]
[thepixelcurve.com/html/edubin/blog.html]
[thepixelcurve.com/html/edubin/blog-single.html]
[thepixelcurve.com/html/edubin/images/publication/p-5.jpg]
[thepixelcurve.com/html/edubin/images/publication/p-6.jpg]
[thepixelcurve.com/html/edubin/images/publication/p-7.jpg]
[thepixelcurve.com/html/edubin/images/publication/p-8.jpg]
[thepixelcurve.com/html/edubin/shop.html]
[thepixelcurve.com/html/edubin/images/shop-single/ss-1.jpg]
[thepixelcurve.com/html/edubin/images/shop-single/ss-2.jpg]
[thepixelcurve.com/html/edubin/images/shop-single/ss-3.jpg]
[thepixelcurve.com/html/edubin/images/shop-single/ss-s1.jpg]
[thepixelcurve.com/html/edubin/images/shop-single/ss-s2.jpg]
[thepixelcurve.com/html/edubin/images/shop-single/ss-s3.jpg]
[thepixelcurve.com/html/edubin/shop-single.html]
[thepixelcurve.com/html/edubin/contact.html]
[thepixelcurve.com/html/edubin/contact-2.html]
[thepixelcurve.com/html/edubin/fonts/fontawesome-webfont3e6e.svg]
